WARNING:matplotlib:/home/kong/.config/matplotlib is not a writable directory
WARNING:matplotlib:Matplotlib created a temporary cache directory at /tmp/matplotlib-z021fp9_ because there was an issue with the default path (/home/kong/.config/matplotlib); it is highly recommended to set the MPLCONFIGDIR environment variable to a writable directory, in particular to speed up the import of Matplotlib and to better support multiprocessing.
INFO:matplotlib.font_manager:Failed to extract font properties from /usr/share/fonts/truetype/noto/NotoColorEmoji.ttf: In FT2Font: Can not load face (unknown file format; error code 0x2)
INFO:matplotlib.font_manager:generated new fontManager
/home/kong/anaconda3/envs/meta_drive/lib/python3.9/site-packages/pygame/pkgdata.py:25: UserWarning: pkg_resources is deprecated as an API. See https://setuptools.pypa.io/en/latest/pkg_resources.html. The pkg_resources package is slated for removal as early as 2025-11-30. Refrain from using this package or pin to Setuptools<81.
  from pkg_resources import resource_stream, resource_exists
[38;20m[INFO] Environment: PlatoonEnv[0m
[38;20m[INFO] MetaDrive version: 0.4.3[0m
[38;20m[INFO] Sensors: [lidar: Lidar(), side_detector: SideDetector(), lane_line_detector: LaneLineDetector()][0m
[38;20m[INFO] Render Mode: none[0m
[38;20m[INFO] Horizon (Max steps per agent): 1000[0m
[33;20m[WARNING] When reaching max steps, both 'terminate' and 'truncate will be True.Generally, only the `truncate` should be `True`. (base_env.py:397)[0m
[38;20m[INFO] Assets version: 0.4.3[0m
[38;20m[INFO] Known Pipes: glxGraphicsPipe[0m
[38;20m[INFO] Start Scenario Index: 1, Num Scenarios : 1[0m
episode=1 success=1 collision=0 formation_error=1.832 min_gap=8.852
episode=2 success=1 collision=0 formation_error=1.831 min_gap=8.852
episode=3 success=1 collision=0 formation_error=1.832 min_gap=8.852
episode=4 success=1 collision=0 formation_error=1.832 min_gap=8.852
episode=5 success=1 collision=0 formation_error=1.832 min_gap=8.852
summary: success_rate=1.000 collision_rate=0.000 formation_error=1.832 recovery_time=0.000 min_inter_vehicle_gap=8.852
